ARM Linker, 5.03 [Build 24] [MDK-ARM Standard]

==============================================================================

Section Cross References

    startup_stm32f10x_md.o(RESET) refers to startup_stm32f10x_md.o(STACK) for __initial_sp
    startup_stm32f10x_md.o(RESET) refers to startup_stm32f10x_md.o(.text) for Reset_Handler
    startup_stm32f10x_md.o(RESET) refers to stm32f10x_it.o(.text) for NMI_Handler
    startup_stm32f10x_md.o(RESET) refers to os_cpu_a.o(.text) for PendSV_Handler
    startup_stm32f10x_md.o(.text) refers to bsp.o(.text) for SystemInit
    startup_stm32f10x_md.o(.text) refers to entry.o(.ARM.Collect$$$$00000000) for __main
    stm32f10x_bkp.o(.text) refers to stm32f10x_rcc.o(.text) for RCC_BackupResetCmd
    stm32f10x_gpio.o(.text) refers to stm32f10x_rcc.o(.text) for RCC_APB2PeriphResetCmd
    stm32f10x_rcc.o(.text) refers to stm32f10x_rcc.o(.data) for APBAHBPrescTable
    stm32f10x_spi.o(.text) refers to stm32f10x_rcc.o(.text) for RCC_APB2PeriphResetCmd
    stm32f10x_usart.o(.text) refers to stm32f10x_rcc.o(.text) for RCC_APB2PeriphResetCmd
    stm32f10x_tim.o(.text) refers to stm32f10x_rcc.o(.text) for RCC_APB2PeriphResetCmd
    si4432.o(.text) refers to stm32f10x_gpio.o(.text) for GPIO_ResetBits
    si4432.o(.text) refers to spi.o(.text) for SPI2_ReadWriteByte
    si4432.o(.text) refers to base.o(.text) for DelayMs
    si4432.o(.text) refers to stm32f10x_rcc.o(.text) for RCC_APB2PeriphClockCmd
    si4432.o(.text) refers to stm32f10x_exti.o(.text) for EXTI_Init
    si4432.o(.text) refers to stm32f10x_spi.o(.text) for SPI_Cmd
    si4432.o(.text) refers to si4432.o(.data) for ItStatus1
    base.o(.text) refers to stm32f10x_usart.o(.text) for USART_SendData
    stm32init.o(.text) refers to misc.o(.text) for NVIC_SetVectorTable
    stm32init.o(.text) refers to stm32f10x_rcc.o(.text) for RCC_APB2PeriphClockCmd
    stm32init.o(.text) refers to stm32f10x_gpio.o(.text) for GPIO_Init
    stm32init.o(.text) refers to stm32f10x_usart.o(.text) for USART_Init
    stm32init.o(.text) refers to bsp.o(.text) for DMA_Configuration
    stm32init.o(.text) refers to stm32f10x_spi.o(.text) for SPI_Init
    bsp.o(.text) refers to stm32f10x_rcc.o(.text) for RCC_DeInit
    bsp.o(.text) refers to stm32init.o(.text) for STM32_Init
    bsp.o(.text) refers to si4432.o(.text) for SI4432_Configuration
    bsp.o(.text) refers to stm32f10x_gpio.o(.text) for GPIO_SetBits
    bsp.o(.text) refers to base.o(.text) for SendString
    bsp.o(.text) refers to iwatchdog.o(.text) for WatchDog_Init
    bsp.o(.text) refers to stm32f10x_tim.o(.text) for TIM_InternalClockConfig
    bsp.o(.text) refers to misc.o(.text) for NVIC_PriorityGroupConfig
    bsp.o(.text) refers to stm32f10x_dma.o(.text) for DMA_DeInit
    bsp.o(.text) refers to stm32f10x_usart.o(.text) for USART_DMACmd
    bsp.o(.text) refers to base.o(.data) for Flag
    bsp.o(.text) refers to stm32f10x_it.o(.bss) for USART2_SEND_DATA
    encrypt.o(.text) refers to memcmp.o(.text) for memcmp
    encrypt.o(.text) refers to os_q.o(.text) for OSQPost
    encrypt.o(.text) refers to base.o(.text) for SendString
    encrypt.o(.text) refers to encrypt.o(.data) for test_roll_list
    encrypt.o(.text) refers to encrypt.o(.bss) for send_data
    encrypt.o(.text) refers to encrypt.o(.constdata) for Roll_key
    encrypt.o(.text) refers to taskset.o(.data) for MY_ID
    encrypt.o(.text) refers to tasktest.o(.data) for learn_DeviceName
    encrypt.o(.text) refers to app.o(.data) for ProtoSendMBox
    encrypt.o(.text) refers to si4432.o(.text) for sending
    encrypt.o(.data) refers to app.o(.bss) for SI4432RecvBuff
    spi.o(.text) refers to stm32f10x_spi.o(.text) for SPI_I2S_GetFlagStatus
    spi.o(.text) refers to stm32f10x_rcc.o(.text) for RCC_APB2PeriphClockCmd
    spi.o(.text) refers to stm32f10x_gpio.o(.text) for GPIO_Init
    dataflash.o(.text) refers to stm32f10x_flash.o(.text) for FLASH_ProgramHalfWord
    stm32f10x_it.o(.text) refers to os_cpu_a.o(.text) for OS_CPU_SR_Save
    stm32f10x_it.o(.text) refers to os_core.o(.text) for OSTimeTick
    stm32f10x_it.o(.text) refers to stm32f10x_usart.o(.text) for USART_GetITStatus
    stm32f10x_it.o(.text) refers to os_q.o(.text) for OSQPost
    stm32f10x_it.o(.text) refers to stm32f10x_dma.o(.text) for DMA_Cmd
    stm32f10x_it.o(.text) refers to protocol.o(.text) for ReV_CH361ReVProtocol
    stm32f10x_it.o(.text) refers to stm32f10x_tim.o(.text) for TIM_GetFlagStatus
    stm32f10x_it.o(.text) refers to stm32f10x_exti.o(.text) for EXTI_GetITStatus
    stm32f10x_it.o(.text) refers to os_core.o(.data) for OSIntNesting
    stm32f10x_it.o(.text) refers to stm32f10x_it.o(.data) for u1RecvCh
    stm32f10x_it.o(.text) refers to app.o(.data) for CT361INTERNALMBox
    stm32f10x_it.o(.text) refers to app.o(.bss) for gU1RecvBuff
    stm32f10x_it.o(.text) refers to stm32f10x_it.o(.bss) for USART2_RECEIVE_DATA
[...]
    os_q.o(.text) refers to os_core.o(.bss) for OSQTbl
    os_sem.o(.text) refers to os_cpu_a.o(.text) for OS_CPU_SR_Save
    os_sem.o(.text) refers to os_core.o(.text) for OS_EventWaitListInit
    os_sem.o(.text) refers to os_core.o(.data) for OSIntNesting
    os_task.o(.text) refers to os_cpu_a.o(.text) for OS_CPU_SR_Save
    os_task.o(.text) refers to os_core.o(.text) for OS_Sched
    os_task.o(.text) refers to os_cpu_c.o(.text) for OSTaskStkInit
    os_task.o(.text) refers to os_flag.o(.text) for OS_FlagUnlink
    os_task.o(.text) refers to os_core.o(.bss) for OSTCBPrioTbl
    os_task.o(.text) refers to os_core.o(.data) for OSTCBCur
    os_time.o(.text) refers to os_cpu_a.o(.text) for OS_CPU_SR_Save
    os_time.o(.text) refers to os_core.o(.text) for OS_Sched
    os_time.o(.text) refers to os_core.o(.data) for OSIntNesting
    os_time.o(.text) refers to os_core.o(.bss) for OSTCBPrioTbl
    os_cpu_a.o(.text) refers to os_core.o(.data) for OSRunning
    os_cpu_a.o(.text) refers to os_cpu_c.o(.text) for OSTaskSwHook
    os_dbg.o(.text) refers to os_dbg.o(.constdata) for OSDebugEn
    entry.o(.ARM.Collect$$$$00000000) refers (Special) to entry10a.o(.ARM.Collect$$$$0000000D) for __rt_final_cpp
    entry.o(.ARM.Collect$$$$00000000) refers (Special) to entry11a.o(.ARM.Collect$$$$0000000F) for __rt_final_exit
    entry.o(.ARM.Collect$$$$00000000) refers (Special) to entry7b.o(.ARM.Collect$$$$00000008) for _main_clock
    entry.o(.ARM.Collect$$$$00000000) refers (Special) to entry8b.o(.ARM.Collect$$$$0000000A) for _main_cpp_init
    entry.o(.ARM.Collect$$$$00000000) refers (Special) to entry9a.o(.ARM.Collect$$$$0000000B) for _main_init
    entry.o(.ARM.Collect$$$$00000000) refers (Special) to entry5.o(.ARM.Collect$$$$00000004) for _main_scatterload
    entry.o(.ARM.Collect$$$$00000000) refers (Special) to entry2.o(.ARM.Collect$$$$00000001) for _main_stk
    rand.o(.text) refers to rand.o(.data) for .data
    entry2.o(.ARM.Collect$$$$00000001) refers to entry2.o(.ARM.Collect$$$$00002712) for __lit__00000000
    entry2.o(.ARM.Collect$$$$00002712) refers to startup_stm32f10x_md.o(STACK) for __initial_sp
    entry2.o(__vectab_stack_and_reset_area) refers to startup_stm32f10x_md.o(STACK) for __initial_sp
    entry2.o(__vectab_stack_and_reset_area) refers to entry.o(.ARM.Collect$$$$00000000) for __main
    entry5.o(.ARM.Collect$$$$00000004) refers to init.o(.text) for __scatterload
    entry9a.o(.ARM.Collect$$$$0000000B) refers to app.o(.text) for main
    entry9b.o(.ARM.Collect$$$$0000000C) refers to app.o(.text) for main
    init.o(.text) refers to entry5.o(.ARM.Collect$$$$00000004) for __main_after_scatterload


==============================================================================

Removing Unused input sections from the image.

    Removing startup_stm32f10x_md.o(HEAP), (512 bytes).
    Removing core_cm3.o(.emb_text), (32 bytes).
    Removing stm32f10x_bkp.o(.text), (196 bytes).
    Removing stm32f10x_dbgmcu.o(.text), (48 bytes).
    Removing stm32f10x_fsmc.o(.text), (1560 bytes).
    Removing stm32init.o(.data), (21 bytes).
    Removing os_mbox.o(.text), (1102 bytes).
    Removing os_sem.o(.text), (1036 bytes).

8 unused section(s) (total 4507 bytes) removed from the image.

==============================================================================

Image Symbol Table

    Local Symbols

    Symbol Name                              Value     Ov Type        Size  Object(Section)

    ../clib/microlib/init/entry.s            0x00000000   Number         0  entry11b.o ABSOLUTE
    ../clib/microlib/init/entry.s            0x00000000   Number         0  entry2.o ABSOLUTE
    ../clib/microlib/init/entry.s            0x00000000   Number         0  entry11a.o ABSOLUTE
    ../clib/microlib/init/entry.s            0x00000000   Number         0  entry5.o ABSOLUTE
    ../clib/microlib/init/entry.s            0x00000000   Number         0  entry7b.o ABSOLUTE
    ../clib/microlib/init/entry.s            0x00000000   Number         0  entry8a.o ABSOLUTE
    ../clib/microlib/init/entry.s            0x00000000   Number         0  entry8b.o ABSOLUTE
    ../clib/microlib/init/entry.s            0x00000000   Number         0  entry9a.o ABSOLUTE
    ../clib/microlib/init/entry.s            0x00000000   Number         0  entry9b.o ABSOLUTE
    ../clib/microlib/init/entry.s            0x00000000   Number         0  entry10a.o ABSOLUTE
    ../clib/microlib/init/entry.s            0x00000000   Number         0  entry10b.o ABSOLUTE
    ../clib/microlib/init/entry.s            0x00000000   Number         0  entry.o ABSOLUTE
    ../clib/microlib/init/entry.s            0x00000000   Number         0  entry7a.o ABSOLUTE
    ../clib/microlib/stdlib/rand.c           0x00000000   Number         0  rand.o ABSOLUTE
    ../clib/microlib/string/memcmp.c         0x00000000   Number         0  memcmp.o ABSOLUTE
    APP\App.c                                0x00000000   Number         0  app.o ABSOLUTE
    APP\protocol.c                           0x00000000   Number         0  protocol.o ABSOLUTE
    APP\remote_urc_index.c                   0x00000000   Number         0  remote_urc_index.o ABSOLUTE
    APP\stm32f10x_it.c                       0x00000000   Number         0  stm32f10x_it.o ABSOLUTE
    APP\taskCT361InternalCommand.c           0x00000000   Number         0  taskct361internalcommand.o ABSOLUTE
    APP\taskProtoSend.c                      0x00000000   Number         0  taskprotosend.o ABSOLUTE
    APP\taskProtocol.c                       0x00000000   Number         0  taskprotocol.o ABSOLUTE
    APP\taskSet.c                            0x00000000   Number         0  taskset.o ABSOLUTE
    APP\taskSi4432Read.c                     0x00000000   Number         0  tasksi4432read.o ABSOLUTE
    APP\taskTest.c                           0x00000000   Number         0  tasktest.o ABSOLUTE
    CM3\\core_cm3.c                          0x00000000   Number         0  core_cm3.o ABSOLUTE
    CM3\core_cm3.c                           0x00000000   Number         0  core_cm3.o ABSOLUTE
    OS\core\os_core.c                        0x00000000   Number         0  os_core.o ABSOLUTE
    OS\core\os_flag.c                        0x00000000   Number         0  os_flag.o ABSOLUTE
    OS\core\os_mbox.c                        0x00000000   Number         0  os_mbox.o ABSOLUTE
    OS\core\os_mem.c                         0x00000000   Number         0  os_mem.o ABSOLUTE
    OS\core\os_mutex.c                       0x00000000   Number         0  os_mutex.o ABSOLUTE
    OS\core\os_q.c                           0x00000000   Number         0  os_q.o ABSOLUTE
    OS\core\os_sem.c                         0x00000000   Number         0  os_sem.o ABSOLUTE
    OS\core\os_task.c                        0x00000000   Number         0  os_task.o ABSOLUTE
    OS\core\os_time.c                        0x00000000   Number         0  os_time.o ABSOLUTE
    OS\core\os_tmr.c                         0x00000000   Number         0  os_tmr.o ABSOLUTE
    OS\port\os_cpu_a.asm                     0x00000000   Number         0  os_cpu_a.o ABSOLUTE
    OS\port\os_cpu_c.c                       0x00000000   Number         0  os_cpu_c.o ABSOLUTE
    OS\port\os_dbg.c                         0x00000000   Number         0  os_dbg.o ABSOLUTE
    STM32F10x_StdPeriph_Driver\src\misc.c    0x00000000   Number         0  misc.o ABSOLUTE
    STM32F10x_StdPeriph_Driver\src\stm32f10x_bkp.c 0x00000000   Number         0  stm32f10x_bkp.o ABSOLUTE
    STM32F10x_StdPeriph_Driver\src\stm32f10x_dbgmcu.c 0x00000000   Number         0  stm32f10x_dbgmcu.o ABSOLUTE
    STM32F10x_StdPeriph_Driver\src\stm32f10x_dma.c 0x00000000   Number         0  stm32f10x_dma.o ABSOLUTE
    STM32F10x_StdPeriph_Driver\src\stm32f10x_exti.c 0x00000000   Number         0  stm32f10x_exti.o ABSOLUTE
    STM32F10x_StdPeriph_Driver\src\stm32f10x_flash.c 0x00000000   Number         0  stm32f10x_flash.o ABSOLUTE
    STM32F10x_StdPeriph_Driver\src\stm32f10x_fsmc.c 0x00000000   Number         0  stm32f10x_fsmc.o ABSOLUTE
    STM32F10x_StdPeriph_Driver\src\stm32f10x_gpio.c 0x00000000   Number         0  stm32f10x_gpio.o ABSOLUTE
    STM32F10x_StdPeriph_Driver\src\stm32f10x_rcc.c 0x00000000   Number         0  stm32f10x_rcc.o ABSOLUTE
    STM32F10x_StdPeriph_Driver\src\stm32f10x_spi.c 0x00000000   Number         0  stm32f10x_spi.o ABSOLUTE
    STM32F10x_StdPeriph_Driver\src\stm32f10x_tim.c 0x00000000   Number         0  stm32f10x_tim.o ABSOLUTE
    STM32F10x_StdPeriph_Driver\src\stm32f10x_usart.c 0x00000000   Number         0  stm32f10x_usart.o ABSOLUTE
    bsp\DataFlash.c                          0x00000000   Number         0  dataflash.o ABSOLUTE
    bsp\Encrypt.c                            0x00000000   Number         0  encrypt.o ABSOLUTE
    bsp\IWatchDog.c                          0x00000000   Number         0  iwatchdog.o ABSOLUTE
    bsp\STM32Init.c                          0x00000000   Number         0  stm32init.o ABSOLUTE
    bsp\base.c                               0x00000000   Number         0  base.o ABSOLUTE
    bsp\bsp.c                                0x00000000   Number         0  bsp.o ABSOLUTE
    bsp\si4432.c                             0x00000000   Number         0  si4432.o ABSOLUTE
    bsp\spi.c                                0x00000000   Number         0  spi.o ABSOLUTE
    dc.s                                     0x00000000   Number         0  dc.o ABSOLUTE
    handlers.s                               0x00000000   Number         0  handlers.o ABSOLUTE
    init.s                                   0x00000000   Number         0  init.o ABSOLUTE
    startup_stm32f10x_md.s                   0x00000000   Number         0  startup_stm32f10x_md.o ABSOLUTE
    RESET                                    0x08000000   Section      236  startup_stm32f10x_md.o(RESET)
    .ARM.Collect$$$$00000000                 0x080000ec   Section        0  entry.o(.ARM.Collect$$$$00000000)
    .ARM.Collect$$$$00000001                 0x080000ec   Section        4  entry2.o(.ARM.Collect$$$$00000001)
    .ARM.Collect$$$$00000004                 0x080000f0   Section        4  entry5.o(.ARM.Collect$$$$00000004)
    .ARM.Collect$$$$00000008                 0x080000f4   Section        0  entry7b.o(.ARM.Collect$$$$00000008)
    .ARM.Collect$$$$0000000A                 0x080000f4   Section        0  entry8b.o(.ARM.Collect$$$$0000000A)
    .ARM.Collect$$$$0000000B                 0x080000f4   Section        8  entry9a.o(.ARM.Collect$$$$0000000B)
    .ARM.Collect$$$$0000000D                 0x080000fc   Section        0  entry10a.o(.ARM.Collect$$$$0000000D)
    .ARM.Collect$$$$0000000F                 0x080000fc   Section        0  entry11a.o(.ARM.Collect$$$$0000000F)
    .ARM.Collect$$$$00002712                 0x080000fc   Section        4  entry2.o(.ARM.Collect$$$$00002712)
    __lit__00000000                          0x080000fc   Data           4  entry2.o(.ARM.Collect$$$$00002712)
    .text                                    0x08000100   Section       36  startup_stm32f10x_md.o(.text)
    .text                                    0x08000124   Section        0  misc.o(.text)
    .text                                    0x08000200   Section        0  stm32f10x_exti.o(.text)
    .text                                    0x0800031c   Section        0  stm32f10x_gpio.o(.text)
    .text                                    0x08000674   Section        0  stm32f10x_rcc.o(.text)
    .text                                    0x08000a18   Section        0  stm32f10x_spi.o(.text)
    .text                                    0x08000d24   Section        0  stm32f10x_usart.o(.text)
    .text                                    0x0800112c   Section        0  stm32f10x_flash.o(.text)
    .text                                    0x080016e8   Section        0  stm32f10x_tim.o(.text)
    TI4_Config                               0x08001b8f   Thumb Code   130  stm32f10x_tim.o(.text)
    TI3_Config                               0x08001c23   Thumb Code   122  stm32f10x_tim.o(.text)
    TI2_Config                               0x08001cb7   Thumb Code   130  stm32f10x_tim.o(.text)
    TI1_Config                               0x08001d4b   Thumb Code   108  stm32f10x_tim.o(.text)
    .text                                    0x08002504   Section        0  stm32f10x_dma.o(.text)
    .text                                    0x08002754   Section        0  si4432.o(.text)
    .text                                    0x08002c14   Section        0  base.o(.text)
    itoa                                     0x08002c33   Thumb Code    98  base.o(.text)
    .text                                    0x08002ee8   Section        0  stm32init.o(.text)
    .text                                    0x080031b8   Section        0  bsp.o(.text)
    .text                                    0x08003554   Section        0  encrypt.o(.text)
    .text                                    0x08003a24   Section        0  spi.o(.text)
    .text                                    0x08003c5c   Section        0  dataflash.o(.text)
    .text                                    0x08003d80   Section        0  iwatchdog.o(.text)
    .text                                    0x08003dac   Section        0  stm32f10x_it.o(.text)
    .text                                    0x08004144   Section        0  app.o(.text)
    .text                                    0x08004168   Section        0  protocol.o(.text)
    .text                                    0x08004700   Section        0  taskprotocol.o(.text)
    .text                                    0x080047a4   Section        0  taskprotosend.o(.text)
    .text                                    0x080049b0   Section        0  tasktest.o(.text)
    .text                                    0x08004c4c   Section        0  taskset.o(.text)
    .text                                    0x08004e88   Section        0  tasksi4432read.o(.text)
    .text                                    0x08004f84   Section        0  taskct361internalcommand.o(.text)
    .text                                    0x080051ec   Section        0  os_core.o(.text)
    OS_SchedNew                              0x08005363   Thumb Code    26  os_core.o(.text)
    OS_InitTaskStat                          0x080057fd   Thumb Code    52  os_core.o(.text)
    OS_InitTaskIdle                          0x08005851   Thumb Code    52  os_core.o(.text)
    OS_InitEventList                         0x08005897   Thumb Code    70  os_core.o(.text)
    OS_InitTCBList                           0x080058dd   Thumb Code    86  os_core.o(.text)
    OS_InitRdyList                           0x08005933   Thumb Code    46  os_core.o(.text)
    OS_InitMisc                              0x08005961   Thumb Code    44  os_core.o(.text)
    .text                                    0x08005f6c   Section        0  os_flag.o(.text)
    OS_FlagTaskRdy                           0x080060ff   Thumb Code    96  os_flag.o(.text)
    OS_FlagBlock                             0x08006335   Thumb Code   152  os_flag.o(.text)
    .text                                    0x08006834   Section        0  os_q.o(.text)
    .text                                    0x08006ea0   Section        0  os_task.o(.text)
    .text                                    0x08007730   Section        0  os_time.o(.text)
    .text                                    0x08007928   Section      164  os_cpu_a.o(.text)
    .text                                    0x080079cc   Section        0  os_cpu_c.o(.text)
    .text                                    0x08007a78   Section        0  os_dbg.o(.text)
    .text                                    0x08007b8c   Section        0  rand.o(.text)
    .text                                    0x08007bb0   Section        0  memcmp.o(.text)
    .text                                    0x08007bcc   Section       36  init.o(.text)
    i.__scatterload_copy                     0x08007bf0   Section       14  handlers.o(i.__scatterload_copy)
    i.__scatterload_null                     0x08007bfe   Section        2  handlers.o(i.__scatterload_null)
    i.__scatterload_zeroinit                 0x08007c00   Section       14  handlers.o(i.__scatterload_zeroinit)
    .constdata                               0x08007c0e   Section      256  encrypt.o(.constdata)
    .constdata                               0x08007d10   Section    21608  remote_urc_index.o(.constdata)
    .constdata                               0x0800d178   Section      256  os_core.o(.constdata)
    .constdata                               0x0800d278   Section       94  os_dbg.o(.constdata)
    .data                                    0x20000000   Section       20  stm32f10x_rcc.o(.data)
    APBAHBPrescTable                         0x20000000   Data          16  stm32f10x_rcc.o(.data)
    ADCPrescTable                            0x20000010   Data           4  stm32f10x_rcc.o(.data)
    .data                                    0x20000014   Section        6  si4432.o(.data)
    .data                                    0x2000001a   Section        1  base.o(.data)
    .data                                    0x20000020   Section       77  encrypt.o(.data)
    si4432_cnt                               0x20000058   Data           1  encrypt.o(.data)
    .data                                    0x20000070   Section       19  stm32f10x_it.o(.data)
    u1StaMach                                0x20000082   Data           1  stm32f10x_it.o(.data)
    .data                                    0x20000084   Section       32  app.o(.data)
    .data                                    0x200000a4   Section        6  taskprotosend.o(.data)
    cmd                                      0x200000a7   Data           1  taskprotosend.o(.data)
    DeviceName                               0x200000a8   Data           1  taskprotosend.o(.data)
    DeviceCode                               0x200000a9   Data           1  taskprotosend.o(.data)
    .data                                    0x200000aa   Section        5  tasktest.o(.data)
    .data                                    0x200000b0   Section        9  taskset.o(.data)
    .data                                    0x200000b9   Section        1  tasksi4432read.o(.data)
    .data                                    0x200000ba   Section        6  taskct361internalcommand.o(.data)
    .data                                    0x200000c0   Section       68  os_core.o(.data)
    .data                                    0x20000104   Section        4  rand.o(.data)
    _rand_state                              0x20000104   Data           4  rand.o(.data)
    .bss                                     0x20000108   Section       20  si4432.o(.bss)
    .bss                                     0x2000011c   Section       36  encrypt.o(.bss)
    .bss                                     0x20000140   Section      440  stm32f10x_it.o(.bss)
    .bss                                     0x200002f8   Section    11174  app.o(.bss)
    .bss                                     0x20002e9e   Section      208  tasktest.o(.bss)
    .bss                                     0x20002f70   Section     4048  os_core.o(.bss)
    STACK                                    0x20003f40   Section     1024  startup_stm32f10x_md.o(STACK)

    Global Symbols

    Symbol Name                              Value     Ov Type        Size  Object(Section)

    BuildAttributes$$THM_ISAv4$P$D$K$B$S$PE$A:L22UL41UL21$X:L11$S22US41US21$IEEE1$IW$USESV6$~STKCKD$USESV7$~SHL$OSPACE$EBA8$MICROLIB$REQ8$PRES8$EABIv2 0x00000000   Number         0  anon$$obj.o ABSOLUTE
    __ARM_use_no_argv                        0x00000000   Number         0  app.o ABSOLUTE
    __cpp_initialize__aeabi_                  - Undefined Weak Reference
    __cxa_finalize                            - Undefined Weak Reference
    __decompress                              - Undefined Weak Reference
    _clock_init                               - Undefined Weak Reference
    _microlib_exit                            - Undefined Weak Reference
    __Vectors_Size                           0x000000ec   Number         0  startup_stm32f10x_md.o ABSOLUTE
    __Vectors                                0x08000000   Data           4  startup_stm32f10x_md.o(RESET)
    __Vectors_End                            0x080000ec   Data           0  startup_stm32f10x_md.o(RESET)
    __main                                   0x080000ed   Thumb Code     0  entry.o(.ARM.Collect$$$$00000000)
    _main_stk                                0x080000ed   Thumb Code     0  entry2.o(.ARM.Collect$$$$00000001)
    _main_scatterload                        0x080000f1   Thumb Code     0  entry5.o(.ARM.Collect$$$$00000004)
    __main_after_scatterload                 0x080000f5   Thumb Code     0  entry5.o(.ARM.Collect$$$$00000004)
    _main_clock                              0x080000f5   Thumb Code     0  entry7b.o(.ARM.Collect$$$$00000008)
    _main_cpp_init                           0x080000f5   Thumb Code     0  entry8b.o(.ARM.Collect$$$$0000000A)
    _main_init                               0x080000f5   Thumb Code     0  entry9a.o(.ARM.Collect$$$$0000000B)
    __rt_final_cpp                           0x080000fd   Thumb Code     0  entry10a.o(.ARM.Collect$$$$0000000D)
    __rt_final_exit                          0x080000fd   Thumb Code     0  entry11a.o(.ARM.Collect$$$$0000000F)
    Reset_Handler                            0x08000101   Thumb Code     8  startup_stm32f10x_md.o(.text)
    ADC1_2_IRQHandler                        0x0800011b   Thumb Code     0  startup_stm32f10x_md.o(.text)
    CAN1_RX1_IRQHandler                      0x0800011b   Thumb Code     0  startup_stm32f10x_md.o(.text)
    CAN1_SCE_IRQHandler                      0x0800011b   Thumb Code     0  startup_stm32f10x_md.o(.text)
    DMA1_Channel1_IRQHandler                 0x0800011b   Thumb Code     0  startup_stm32f10x_md.o(.text)
    DMA1_Channel2_IRQHandler                 0x0800011b   Thumb Code     0  startup_stm32f10x_md.o(.text)
    DMA1_Channel3_IRQHandler                 0x0800011b   Thumb Code     0  startup_stm32f10x_md.o(.text)
    DMA1_Channel4_IRQHandler                 0x0800011b   Thumb Code     0  startup_stm32f10x_md.o(.text)
    DMA1_Channel5_IRQHandler                 0x0800011b   Thumb Code     0  startup_stm32f10x_md.o(.text)
    EXTI0_IRQHandler                         0x0800011b   Thumb Code     0  startup_stm32f10x_md.o(.text)
    EXTI1_IRQHandler                         0x0800011b   Thumb Code     0  startup_stm32f10x_md.o(.text)
    EXTI3_IRQHandler                         0x0800011b   Thumb Code     0  startup_stm32f10x_md.o(.text)
    EXTI4_IRQHandler                         0x0800011b   Thumb Code     0  startup_stm32f10x_md.o(.text)
    EXTI9_5_IRQHandler                       0x0800011b   Thumb Code     0  startup_stm32f10x_md.o(.text)
    FLASH_IRQHandler                         0x0800011b   Thumb Code     0  startup_stm32f10x_md.o(.text)
    I2C1_ER_IRQHandler                       0x0800011b   Thumb Code     0  startup_stm32f10x_md.o(.text)
    I2C1_EV_IRQHandler                       0x0800011b   Thumb Code     0  startup_stm32f10x_md.o(.text)
    I2C2_ER_IRQHandler                       0x0800011b   Thumb Code     0  startup_stm32f10x_md.o(.text)
    I2C2_EV_IRQHandler                       0x0800011b   Thumb Code     0  startup_stm32f10x_md.o(.text)
    PVD_IRQHandler                           0x0800011b   Thumb Code     0  startup_stm32f10x_md.o(.text)
    RCC_IRQHandler                           0x0800011b   Thumb Code     0  startup_stm32f10x_md.o(.text)
    RTCAlarm_IRQHandler                      0x0800011b   Thumb Code     0  startup_stm32f10x_md.o(.text)
    RTC_IRQHandler                           0x0800011b   Thumb Code     0  startup_stm32f10x_md.o(.text)
    SPI1_IRQHandler                          0x0800011b   Thumb Code     0  startup_stm32f10x_md.o(.text)
    SPI2_IRQHandler                          0x0800011b   Thumb Code     0  startup_stm32f10x_md.o(.text)
    TAMPER_IRQHandler                        0x0800011b   Thumb Code     0  startup_stm32f10x_md.o(.text)
    TIM1_BRK_IRQHandler                      0x0800011b   Thumb Code     0  startup_stm32f10x_md.o(.text)
    TIM1_TRG_COM_IRQHandler                  0x0800011b   Thumb Code     0  startup_stm32f10x_md.o(.text)
    TIM1_UP_IRQHandler                       0x0800011b   Thumb Code     0  startup_stm32f10x_md.o(.text)
    TIM3_IRQHandler                          0x0800011b   Thumb Code     0  startup_stm32f10x_md.o(.text)
    USART3_IRQHandler                        0x0800011b   Thumb Code     0  startup_stm32f10x_md.o(.text)
    USBWakeUp_IRQHandler                     0x0800011b   Thumb Code     0  startup_stm32f10x_md.o(.text)
    USB_HP_CAN1_TX_IRQHandler                0x0800011b   Thumb Code     0  startup_stm32f10x_md.o(.text)
    USB_LP_CAN1_RX0_IRQHandler               0x0800011b   Thumb Code     0  startup_stm32f10x_md.o(.text)
    WWDG_IRQHandler                          0x0800011b   Thumb Code     0  startup_stm32f10x_md.o(.text)
    NVIC_PriorityGroupConfig                 0x08000125   Thumb Code    10  misc.o(.text)
    NVIC_Init                                0x0800012f   Thumb Code   102  misc.o(.text)
    NVIC_SetVectorTable                      0x08000195   Thumb Code    14  misc.o(.text)
    NVIC_SystemLPConfig                      0x080001a3   Thumb Code    34  misc.o(.text)
    SysTick_CLKSourceConfig                  0x080001c5   Thumb Code    40  misc.o(.text)
    EXTI_DeInit                              0x08000201   Thumb Code    28  stm32f10x_exti.o(.text)
    EXTI_Init                                0x0800021d   Thumb Code   142  stm32f10x_exti.o(.text)
    EXTI_StructInit                          0x080002ab   Thumb Code    16  stm32f10x_exti.o(.text)
    EXTI_GenerateSWInterrupt                 0x080002bb   Thumb Code    16  stm32f10x_exti.o(.text)
    EXTI_GetFlagStatus                       0x080002cb   Thumb Code    22  stm32f10x_exti.o(.text)
    EXTI_ClearFlag                           0x080002e1   Thumb Code     8  stm32f10x_exti.o(.text)
    EXTI_GetITStatus                         0x080002e9   Thumb Code    34  stm32f10x_exti.o(.text)
    EXTI_ClearITPendingBit                   0x0800030b   Thumb Code     8  stm32f10x_exti.o(.text)
    GPIO_DeInit                              0x0800031d   Thumb Code   172  stm32f10x_gpio.o(.text)
    GPIO_AFIODeInit                          0x080003c9   Thumb Code    20  stm32f10x_gpio.o(.text)
    GPIO_Init                                0x080003dd   Thumb Code   274  stm32f10x_gpio.o(.text)
    GPIO_StructInit                          0x080004ef   Thumb Code    16  stm32f10x_gpio.o(.text)
    GPIO_ReadInputDataBit                    0x080004ff   Thumb Code    18  stm32f10x_gpio.o(.text)
    GPIO_ReadInputData                       0x08000511   Thumb Code     8  stm32f10x_gpio.o(.text)
    GPIO_ReadOutputDataBit                   0x08000519   Thumb Code    18  stm32f10x_gpio.o(.text)
    GPIO_ReadOutputData                      0x0800052b   Thumb Code     8  stm32f10x_gpio.o(.text)
    GPIO_SetBits                             0x08000533   Thumb Code     4  stm32f10x_gpio.o(.text)
    GPIO_ResetBits                           0x08000537   Thumb Code     4  stm32f10x_gpio.o(.text)
    GPIO_WriteBit                            0x0800053b   Thumb Code    10  stm32f10x_gpio.o(.text)
    GPIO_Write                               0x08000545   Thumb Code     4  stm32f10x_gpio.o(.text)
    GPIO_PinLockConfig                       0x08000549   Thumb Code    18  stm32f10x_gpio.o(.text)
    GPIO_EventOutputConfig                   0x0800055b   Thumb Code    26  stm32f10x_gpio.o(.text)
    GPIO_EventOutputCmd                      0x08000575   Thumb Code     6  stm32f10x_gpio.o(.text)
    GPIO_PinRemapConfig                      0x0800057b   Thumb Code   138  stm32f10x_gpio.o(.text)
    GPIO_EXTILineConfig                      0x08000605   Thumb Code    66  stm32f10x_gpio.o(.text)
    GPIO_ETH_MediaInterfaceConfig            0x08000647   Thumb Code     6  stm32f10x_gpio.o(.text)
    RCC_DeInit                               0x08000675   Thumb Code    64  stm32f10x_rcc.o(.text)
    RCC_HSEConfig                            0x080006b5   Thumb Code    70  stm32f10x_rcc.o(.text)
    RCC_GetFlagStatus                        0x080006fb   Thumb Code    56  stm32f10x_rcc.o(.text)
    RCC_WaitForHSEStartUp                    0x08000733   Thumb Code    56  stm32f10x_rcc.o(.text)
    RCC_AdjustHSICalibrationValue            0x0800076b   Thumb Code    20  stm32f10x_rcc.o(.text)
    RCC_HSICmd                               0x0800077f   Thumb Code     6  stm32f10x_rcc.o(.text)
    RCC_PLLConfig                            0x08000785   Thumb Code    24  stm32f10x_rcc.o(.text)
    RCC_PLLCmd                               0x0800079d   Thumb Code     6  stm32f10x_rcc.o(.text)
    RCC_SYSCLKConfig                         0x080007a3   Thumb Code    18  stm32f10x_rcc.o(.text)
    RCC_GetSYSCLKSource                      0x080007b5   Thumb Code    10  stm32f10x_rcc.o(.text)
    RCC_HCLKConfig                           0x080007bf   Thumb Code    18  stm32f10x_rcc.o(.text)
    RCC_PCLK1Config                          0x080007d1   Thumb Code    18  stm32f10x_rcc.o(.text)
    RCC_PCLK2Config                          0x080007e3   Thumb Code    20  stm32f10x_rcc.o(.text)
    RCC_ITConfig                             0x080007f7   Thumb Code    26  stm32f10x_rcc.o(.text)
    RCC_USBCLKConfig                         0x08000811   Thumb Code     6  stm32f10x_rcc.o(.text)
    RCC_ADCCLKConfig                         0x08000817   Thumb Code    18  stm32f10x_rcc.o(.text)
    RCC_LSEConfig                            0x08000829   Thumb Code    44  stm32f10x_rcc.o(.text)
    RCC_LSICmd                               0x08000855   Thumb Code     6  stm32f10x_rcc.o(.text)
    RCC_RTCCLKConfig                         0x0800085b   Thumb Code    12  stm32f10x_rcc.o(.text)
    RCC_RTCCLKCmd                            0x08000867   Thumb Code     8  stm32f10x_rcc.o(.text)
    RCC_GetClocksFreq                        0x0800086f   Thumb Code   192  stm32f10x_rcc.o(.text)
    RCC_AHBPeriphClockCmd                    0x0800092f   Thumb Code    26  stm32f10x_rcc.o(.text)
    RCC_APB2PeriphClockCmd                   0x08000949   Thumb Code    26  stm32f10x_rcc.o(.text)
    RCC_APB1PeriphClockCmd                   0x08000963   Thumb Code    26  stm32f10x_rcc.o(.text)
    RCC_APB2PeriphResetCmd                   0x0800097d   Thumb Code    26  stm32f10x_rcc.o(.text)
    RCC_APB1PeriphResetCmd                   0x08000997   Thumb Code    26  stm32f10x_rcc.o(.text)
    RCC_BackupResetCmd                       0x080009b1   Thumb Code     8  stm32f10x_rcc.o(.text)
    RCC_ClockSecuritySystemCmd               0x080009b9   Thumb Code     6  stm32f10x_rcc.o(.text)
    RCC_MCOConfig                            0x080009bf   Thumb Code     6  stm32f10x_rcc.o(.text)
    RCC_ClearFlag                            0x080009c5   Thumb Code    14  stm32f10x_rcc.o(.text)
    RCC_GetITStatus                          0x080009d3   Thumb Code    20  stm32f10x_rcc.o(.text)
    RCC_ClearITPendingBit                    0x080009e7   Thumb Code     6  stm32f10x_rcc.o(.text)
    SPI_I2S_DeInit                           0x08000a19   Thumb Code    76  stm32f10x_spi.o(.text)
    SPI_Init                                 0x08000a65   Thumb Code    60  stm32f10x_spi.o(.text)
    I2S_Init                                 0x08000aa1   Thumb Code   226  stm32f10x_spi.o(.text)
    SPI_StructInit                           0x08000b83   Thumb Code    24  stm32f10x_spi.o(.text)
    I2S_StructInit                           0x08000b9b   Thumb Code    20  stm32f10x_spi.o(.text)
    SPI_Cmd                                  0x08000baf   Thumb Code    24  stm32f10x_spi.o(.text)
    I2S_Cmd                                  0x08000bc7   Thumb Code    24  stm32f10x_spi.o(.text)
    SPI_I2S_ITConfig                         0x08000bdf   Thumb Code    32  stm32f10x_spi.o(.text)
    SPI_I2S_DMACmd                           0x08000bff   Thumb Code    18  stm32f10x_spi.o(.text)
    SPI_I2S_SendData                         0x08000c11   Thumb Code     4  stm32f10x_spi.o(.text)
    SPI_I2S_ReceiveData                      0x08000c15   Thumb Code     6  stm32f10x_spi.o(.text)
    SPI_NSSInternalSoftwareConfig            0x08000c1b   Thumb Code    30  stm32f10x_spi.o(.text)
    SPI_SSOutputCmd                          0x08000c39   Thumb Code    24  stm32f10x_spi.o(.text)
    SPI_DataSizeConfig                       0x08000c51   Thumb Code    18  stm32f10x_spi.o(.text)
    SPI_TransmitCRC                          0x08000c63   Thumb Code    10  stm32f10x_spi.o(.text)
    SPI_CalculateCRC                         0x08000c6d   Thumb Code    24  stm32f10x_spi.o(.text)
    SPI_GetCRC                               0x08000c85   Thumb Code    16  stm32f10x_spi.o(.text)
    SPI_GetCRCPolynomial                     0x08000c95   Thumb Code     6  stm32f10x_spi.o(.text)
    SPI_BiDirectionalLineConfig              0x08000c9b   Thumb Code    28  stm32f10x_spi.o(.text)
    SPI_I2S_GetFlagStatus                    0x08000cb7   Thumb Code    18  stm32f10x_spi.o(.text)
    SPI_I2S_ClearFlag                        0x08000cc9   Thumb Code     6  stm32f10x_spi.o(.text)
    SPI_I2S_GetITStatus                      0x08000ccf   Thumb Code    52  stm32f10x_spi.o(.text)
    SPI_I2S_ClearITPendingBit                0x08000d03   Thumb Code    20  stm32f10x_spi.o(.text)
    USART_DeInit                             0x08000d25   Thumb Code   134  stm32f10x_usart.o(.text)
    USART_Init                               0x08000dab   Thumb Code   210  stm32f10x_usart.o(.text)
    USART_StructInit                         0x08000e7d   Thumb Code    24  stm32f10x_usart.o(.text)
    USART_ClockInit                          0x08000e95   Thumb Code    34  stm32f10x_usart.o(.text)
    USART_ClockStructInit                    0x08000eb7   Thumb Code    12  stm32f10x_usart.o(.text)
    USART_Cmd                                0x08000ec3   Thumb Code    24  stm32f10x_usart.o(.text)
    USART_ITConfig                           0x08000edb   Thumb Code    74  stm32f10x_usart.o(.text)
    USART_DMACmd                             0x08000f25   Thumb Code    18  stm32f10x_usart.o(.text)
    USART_SetAddress                         0x08000f37   Thumb Code    18  stm32f10x_usart.o(.text)
    USART_WakeUpConfig                       0x08000f49   Thumb Code    18  stm32f10x_usart.o(.text)
    USART_ReceiverWakeUpCmd                  0x08000f5b   Thumb Code    24  stm32f10x_usart.o(.text)
    USART_LINBreakDetectLengthConfig         0x08000f73   Thumb Code    18  stm32f10x_usart.o(.text)
    USART_LINCmd                             0x08000f85   Thumb Code    24  stm32f10x_usart.o(.text)
    USART_SendData                           0x08000f9d   Thumb Code     8  stm32f10x_usart.o(.text)
    USART_ReceiveData                        0x08000fa5   Thumb Code    10  stm32f10x_usart.o(.text)
    USART_SendBreak                          0x08000faf   Thumb Code    10  stm32f10x_usart.o(.text)
    USART_SetGuardTime                       0x08000fb9   Thumb Code    16  stm32f10x_usart.o(.text)
    USART_SetPrescaler                       0x08000fc9   Thumb Code    16  stm32f10x_usart.o(.text)
    USART_SmartCardCmd                       0x08000fd9   Thumb Code    24  stm32f10x_usart.o(.text)
    USART_SmartCardNACKCmd                   0x08000ff1   Thumb Code    24  stm32f10x_usart.o(.text)
    USART_HalfDuplexCmd                      0x08001009   Thumb Code    24  stm32f10x_usart.o(.text)
    USART_OverSampling8Cmd                   0x08001021   Thumb Code    22  stm32f10x_usart.o(.text)
    USART_OneBitMethodCmd                    0x08001037   Thumb Code    24  stm32f10x_usart.o(.text)
    USART_IrDAConfig                         0x0800104f   Thumb Code    18  stm32f10x_usart.o(.text)
    USART_IrDACmd                            0x08001061   Thumb Code    24  stm32f10x_usart.o(.text)
    USART_GetFlagStatus                      0x08001079   Thumb Code    26  stm32f10x_usart.o(.text)
    USART_ClearFlag                          0x08001093   Thumb Code    18  stm32f10x_usart.o(.text)
    USART_GetITStatus                        0x080010a5   Thumb Code    84  stm32f10x_usart.o(.text)
    USART_ClearITPendingBit                  0x080010f9   Thumb Code    52  stm32f10x_usart.o(.text)
    FLASH_SetLatency                         0x0800112d   Thumb Code    18  stm32f10x_flash.o(.text)
    FLASH_HalfCycleAccessCmd                 0x0800113f   Thumb Code    22  stm32f10x_flash.o(.text)
    FLASH_PrefetchBufferCmd                  0x08001155   Thumb Code    22  stm32f10x_flash.o(.text)
    FLASH_Unlock                             0x0800116b   Thumb Code    12  stm32f10x_flash.o(.text)
    FLASH_UnlockBank1                        0x08001177   Thumb Code    12  stm32f10x_flash.o(.text)
    FLASH_Lock                               0x08001183   Thumb Code    14  stm32f10x_flash.o(.text)
    FLASH_LockBank1                          0x08001191   Thumb Code    14  stm32f10x_flash.o(.text)
    FLASH_GetBank1Status                     0x0800119f   Thumb Code    48  stm32f10x_flash.o(.text)
    FLASH_WaitForLastOperation               0x080011cf   Thumb Code    38  stm32f10x_flash.o(.text)
    FLASH_ErasePage                          0x080011f5   Thumb Code    72  stm32f10x_flash.o(.text)
    FLASH_EraseAllPages                      0x0800123d   Thumb Code    68  stm32f10x_flash.o(.text)
    FLASH_WaitForLastBank1Operation          0x08001281   Thumb Code    38  stm32f10x_flash.o(.text)
    FLASH_EraseAllBank1Pages                 0x080012a7   Thumb Code    68  stm32f10x_flash.o(.text)
    FLASH_GetReadOutProtectionStatus         0x080012eb   Thumb Code    20  stm32f10x_flash.o(.text)
    FLASH_EraseOptionBytes                   0x080012ff   Thumb Code   150  stm32f10x_flash.o(.text)
    FLASH_ProgramWord                        0x08001395   Thumb Code   102  stm32f10x_flash.o(.text)
    FLASH_ProgramHalfWord                    0x080013fb   Thumb Code    60  stm32f10x_flash.o(.text)
    FLASH_ProgramOptionByteData              0x08001437   Thumb Code    72  stm32f10x_flash.o(.text)
    FLASH_EnableWriteProtection              0x0800147f   Thumb Code   200  stm32f10x_flash.o(.text)
    FLASH_ReadOutProtection                  0x08001547   Thumb Code   156  stm32f10x_flash.o(.text)
    FLASH_UserOptionByteConfig               0x080015e3   Thumb Code    88  stm32f10x_flash.o(.text)
    FLASH_GetUserOptionByte                  0x0800163b   Thumb Code     8  stm32f10x_flash.o(.text)
    FLASH_GetWriteProtectionOptionByte       0x08001643   Thumb Code     6  stm32f10x_flash.o(.text)
    FLASH_GetPrefetchBufferStatus            0x08001649   Thumb Code    20  stm32f10x_flash.o(.text)
    FLASH_ITConfig                           0x0800165d   Thumb Code    26  stm32f10x_flash.o(.text)
    FLASH_GetFlagStatus                      0x08001677   Thumb Code    42  stm32f10x_flash.o(.text)
    FLASH_ClearFlag                          0x080016a1   Thumb Code     6  stm32f10x_flash.o(.text)
    FLASH_GetStatus                          0x080016a7   Thumb Code    48  stm32f10x_flash.o(.text)
    TIM_DeInit                               0x080016e9   Thumb Code   424  stm32f10x_tim.o(.text)
    TIM_TimeBaseInit                         0x08001891   Thumb Code   122  stm32f10x_tim.o(.text)
    TIM_OC1Init                              0x0800190b   Thumb Code   132  stm32f10x_tim.o(.text)
    TIM_OC2Init                              0x0800198f   Thumb Code   154  stm32f10x_tim.o(.text)
    TIM_OC3Init                              0x08001a29   Thumb Code   150  stm32f10x_tim.o(.text)
    TIM_OC4Init                              0x08001abf   Thumb Code   182  stm32f10x_tim.o(.text)
    TIM_SetIC4Prescaler                      0x08001b75   Thumb Code    26  stm32f10x_tim.o(.text)
    TIM_SetIC3Prescaler                      0x08001c11   Thumb Code    18  stm32f10x_tim.o(.text)
    TIM_SetIC2Prescaler                      0x08001c9d   Thumb Code    26  stm32f10x_tim.o(.text)
    TIM_SetIC1Prescaler                      0x08001d39   Thumb Code    18  stm32f10x_tim.o(.text)
    TIM_ICInit                               0x08001db7   Thumb Code   150  stm32f10x_tim.o(.text)
    TIM_PWMIConfig                           0x08001e4d   Thumb Code   124  stm32f10x_tim.o(.text)
    TIM_BDTRConfig                           0x08001ec9   Thumb Code    32  stm32f10x_tim.o(.text)
    TIM_TimeBaseStructInit                   0x08001ee9   Thumb Code    18  stm32f10x_tim.o(.text)
    TIM_OCStructInit                         0x08001efb   Thumb Code    20  stm32f10x_tim.o(.text)
    TIM_ICStructInit                         0x08001f0f   Thumb Code    18  stm32f10x_tim.o(.text)
    TIM_BDTRStructInit                       0x08001f21   Thumb Code    40  stm32f10x_tim.o(.text)
    TIM_Cmd                                  0x08001f49   Thumb Code    24  stm32f10x_tim.o(.text)
    TIM_CtrlPWMOutputs                       0x08001f61   Thumb Code    30  stm32f10x_tim.o(.text)
    TIM_ITConfig                             0x08001f7f   Thumb Code    18  stm32f10x_tim.o(.text)
    TIM_GenerateEvent                        0x08001f91   Thumb Code     4  stm32f10x_tim.o(.text)
    TIM_DMAConfig                            0x08001f95   Thumb Code    10  stm32f10x_tim.o(.text)
    TIM_DMACmd                               0x08001f9f   Thumb Code    18  stm32f10x_tim.o(.text)
    TIM_InternalClockConfig                  0x08001fb1   Thumb Code    12  stm32f10x_tim.o(.text)
    TIM_SelectInputTrigger                   0x08001fbd   Thumb Code    18  stm32f10x_tim.o(.text)
    TIM_ITRxExternalClockConfig              0x08001fcf   Thumb Code    24  stm32f10x_tim.o(.text)
    TIM_TIxExternalClockConfig               0x08001fe7   Thumb Code    62  stm32f10x_tim.o(.text)
    TIM_ETRConfig                            0x08002025   Thumb Code    28  stm32f10x_tim.o(.text)
    TIM_ETRClockMode1Config                  0x08002041   Thumb Code    54  stm32f10x_tim.o(.text)
    TIM_ETRClockMode2Config                  0x08002077   Thumb Code    32  stm32f10x_tim.o(.text)
    TIM_PrescalerConfig                      0x08002097   Thumb Code     6  stm32f10x_tim.o(.text)
    TIM_CounterModeConfig                    0x0800209d   Thumb Code    18  stm32f10x_tim.o(.text)
    TIM_EncoderInterfaceConfig               0x080020af   Thumb Code    66  stm32f10x_tim.o(.text)
    TIM_ForcedOC1Config                      0x080020f1   Thumb Code    18  stm32f10x_tim.o(.text)
    TIM_ForcedOC2Config                      0x08002103   Thumb Code    26  stm32f10x_tim.o(.text)
    TIM_ForcedOC3Config                      0x0800211d   Thumb Code    18  stm32f10x_tim.o(.text)
    TIM_ForcedOC4Config                      0x0800212f   Thumb Code    26  stm32f10x_tim.o(.text)
    TIM_ARRPreloadConfig                     0x08002149   Thumb Code    24  stm32f10x_tim.o(.text)
    TIM_SelectCOM                            0x08002161   Thumb Code    24  stm32f10x_tim.o(.text)
    TIM_SelectCCDMA                          0x08002179   Thumb Code    24  stm32f10x_tim.o(.text)
    TIM_CCPreloadControl                     0x08002191   Thumb Code    24  stm32f10x_tim.o(.text)
    TIM_OC1PreloadConfig                     0x080021a9   Thumb Code    18  stm32f10x_tim.o(.text)
    TIM_OC2PreloadConfig                     0x080021bb   Thumb Code    26  stm32f10x_tim.o(.text)
    TIM_OC3PreloadConfig                     0x080021d5   Thumb Code    18  stm32f10x_tim.o(.text)
    TIM_OC4PreloadConfig                     0x080021e7   Thumb Code    26  stm32f10x_tim.o(.text)
    TIM_OC1FastConfig                        0x08002201   Thumb Code    18  stm32f10x_tim.o(.text)
    TIM_OC2FastConfig                        0x08002213   Thumb Code    26  stm32f10x_tim.o(.text)
    TIM_OC3FastConfig                        0x0800222d   Thumb Code    18  stm32f10x_tim.o(.text)
    TIM_OC4FastConfig                        0x0800223f   Thumb Code    26  stm32f10x_tim.o(.text)
    TIM_ClearOC1Ref                          0x08002259   Thumb Code    18  stm32f10x_tim.o(.text)
    TIM_ClearOC2Ref                          0x0800226b   Thumb Code    24  stm32f10x_tim.o(.text)
    TIM_ClearOC3Ref                          0x08002283   Thumb Code    18  stm32f10x_tim.o(.text)
    TIM_ClearOC4Ref                          0x08002295   Thumb Code    24  stm32f10x_tim.o(.text)
    TIM_OC1PolarityConfig                    0x080022ad   Thumb Code    18  stm32f10x_tim.o(.text)
    TIM_OC1NPolarityConfig                   0x080022bf   Thumb Code    18  stm32f10x_tim.o(.text)
    TIM_OC2PolarityConfig                    0x080022d1   Thumb Code    26  stm32f10x_tim.o(.text)
    TIM_OC2NPolarityConfig                   0x080022eb   Thumb Code    26  stm32f10x_tim.o(.text)
    TIM_OC3PolarityConfig                    0x08002305   Thumb Code    26  stm32f10x_tim.o(.text)
    TIM_OC3NPolarityConfig                   0x0800231f   Thumb Code    26  stm32f10x_tim.o(.text)
    TIM_OC4PolarityConfig                    0x08002339   Thumb Code    26  stm32f10x_tim.o(.text)
    TIM_CCxCmd                               0x08002353   Thumb Code    30  stm32f10x_tim.o(.text)
    TIM_CCxNCmd                              0x08002371   Thumb Code    30  stm32f10x_tim.o(.text)
    TIM_SelectOCxM                           0x0800238f   Thumb Code    82  stm32f10x_tim.o(.text)
    TIM_UpdateDisableConfig                  0x080023e1   Thumb Code    24  stm32f10x_tim.o(.text)
    TIM_UpdateRequestConfig                  0x080023f9   Thumb Code    24  stm32f10x_tim.o(.text)
    TIM_SelectHallSensor                     0x08002411   Thumb Code    24  stm32f10x_tim.o(.text)
    TIM_SelectOnePulseMode                   0x08002429   Thumb Code    18  stm32f10x_tim.o(.text)
    TIM_SelectOutputTrigger                  0x0800243b   Thumb Code    18  stm32f10x_tim.o(.text)
    TIM_SelectSlaveMode                      0x0800244d   Thumb Code    18  stm32f10x_tim.o(.text)
    TIM_SelectMasterSlaveMode                0x0800245f   Thumb Code    18  stm32f10x_tim.o(.text)
    TIM_SetCounter                           0x08002471   Thumb Code     4  stm32f10x_tim.o(.text)
    TIM_SetAutoreload                        0x08002475   Thumb Code     4  stm32f10x_tim.o(.text)
    TIM_SetCompare1                          0x08002479   Thumb Code     4  stm32f10x_tim.o(.text)
    TIM_SetCompare2                          0x0800247d   Thumb Code     4  stm32f10x_tim.o(.text)
    TIM_SetCompare3                          0x08002481   Thumb Code     4  stm32f10x_tim.o(.text)
    TIM_SetCompare4                          0x08002485   Thumb Code     6  stm32f10x_tim.o(.text)
    TIM_SetClockDivision                     0x0800248b   Thumb Code    18  stm32f10x_tim.o(.text)
    TIM_GetCapture1                          0x0800249d   Thumb Code     6  stm32f10x_tim.o(.text)
    TIM_GetCapture2                          0x080024a3   Thumb Code     6  stm32f10x_tim.o(.text)
    TIM_GetCapture3                          0x080024a9   Thumb Code     6  stm32f10x_tim.o(.text)
    TIM_GetCapture4                          0x080024af   Thumb Code     8  stm32f10x_tim.o(.text)
    TIM_GetCounter                           0x080024b7   Thumb Code     6  stm32f10x_tim.o(.text)
    TIM_GetPrescaler                         0x080024bd   Thumb Code     6  stm32f10x_tim.o(.text)
    TIM_GetFlagStatus                        0x080024c3   Thumb Code    18  stm32f10x_tim.o(.text)
    TIM_ClearFlag                            0x080024d5   Thumb Code     6  stm32f10x_tim.o(.text)
    TIM_GetITStatus                          0x080024db   Thumb Code    34  stm32f10x_tim.o(.text)
    TIM_ClearITPendingBit                    0x080024fd   Thumb Code     6  stm32f10x_tim.o(.text)
    DMA_DeInit                               0x08002505   Thumb Code   324  stm32f10x_dma.o(.text)
    DMA_Init                                 0x08002649   Thumb Code    60  stm32f10x_dma.o(.text)
    DMA_StructInit                           0x08002685   Thumb Code    26  stm32f10x_dma.o(.text)
    DMA_Cmd                                  0x0800269f   Thumb Code    24  stm32f10x_dma.o(.text)
    DMA_ITConfig                             0x080026b7   Thumb Code    18  stm32f10x_dma.o(.text)
    DMA_SetCurrDataCounter                   0x080026c9   Thumb Code     4  stm32f10x_dma.o(.text)
    DMA_GetCurrDataCounter                   0x080026cd   Thumb Code     8  stm32f10x_dma.o(.text)
    DMA_GetFlagStatus                        0x080026d5   Thumb Code    38  stm32f10x_dma.o(.text)
    DMA_ClearFlag                            0x080026fb   Thumb Code    22  stm32f10x_dma.o(.text)
    DMA_GetITStatus                          0x08002711   Thumb Code    38  stm32f10x_dma.o(.text)
    DMA_ClearITPendingBit                    0x08002737   Thumb Code    22  stm32f10x_dma.o(.text)
    SI4432_ReadReg                           0x08002755   Thumb Code    44  si4432.o(.text)
    SI4432_WriteReg                          0x08002781   Thumb Code    42  si4432.o(.text)
    SI4432_Init                              0x080027ab   Thumb Code   418  si4432.o(.text)
    SI4432_GPIOSet                           0x0800294d   Thumb Code   314  si4432.o(.text)
    SI4432_Configuration                     0x08002a87   Thumb Code    50  si4432.o(.text)
    sending                                  0x08002ab9   Thumb Code   238  si4432.o(.text)
    Enable_4432EXIT                          0x08002ba7   Thumb Code    50  si4432.o(.text)
    Disable_4432EXIT                         0x08002bd9   Thumb Code    50  si4432.o(.text)
    fputc                                    0x08002c15   Thumb Code    30  base.o(.text)
    USART_printf                             0x08002c95   Thumb Code   262  base.o(.text)
    delay_10us                               0x08002d9b   Thumb Code    22  base.o(.text)
    SendChar                                 0x08002db1   Thumb Code    34  base.o(.text)
    SendString                               0x08002dd3   Thumb Code    24  base.o(.text)
    Send2Char                                0x08002deb   Thumb Code    34  base.o(.text)
    Send2String                              0x08002e0d   Thumb Code    24  base.o(.text)
    Outint                                   0x08002e25   Thumb Code   164  base.o(.text)
    DelayMs                                  0x08002ec9   Thumb Code    22  base.o(.text)
    MyExtiNvicInit                           0x08002ee9   Thumb Code   178  stm32init.o(.text)
    MyUsartInit                              0x08002f9b   Thumb Code   162  stm32init.o(.text)
    MyRCCInit                                0x0800303d   Thumb Code    92  stm32init.o(.text)
    STM32_Init                               0x08003099   Thumb Code    20  stm32init.o(.text)
    mySPI_Init                               0x080030ad   Thumb Code   116  stm32init.o(.text)
    myEXIT_Init                              0x08003121   Thumb Code     2  stm32init.o(.text)
    MyLedInit                                0x08003123   Thumb Code    42  stm32init.o(.text)
    SI4432_GPIOInit                          0x0800314d   Thumb Code    88  stm32init.o(.text)
    SystemInit                               0x080031b9   Thumb Code     2  bsp.o(.text)
    RCCInit                                  0x080031bb   Thumb Code   116  bsp.o(.text)
    BSP_Init                                 0x0800322f   Thumb Code    52  bsp.o(.text)
    MyFlagInit                               0x08003263   Thumb Code    28  bsp.o(.text)
    MyTim3PWMInit                            0x0800327f   Thumb Code   128  bsp.o(.text)
    MyTIM1InterruptNvicInit                  0x080032ff   Thumb Code    38  bsp.o(.text)
    MyTIM1CaptureInit                        0x08003325   Thumb Code   198  bsp.o(.text)
    DMA_Configuration                        0x080033eb   Thumb Code   220  bsp.o(.text)
    SysTickInit                              0x080034c7   Thumb Code    86  bsp.o(.text)
    Empty_Array                              0x08003555   Thumb Code    22  encrypt.o(.text)
    Data_Encrypt                             0x0800356b   Thumb Code   230  encrypt.o(.text)
    Data_Decrypt                             0x08003651   Thumb Code   222  encrypt.o(.text)
    Check_Id                                 0x0800372f   Thumb Code    50  encrypt.o(.text)
    SI4432_Protocol                          0x08003761   Thumb Code   678  encrypt.o(.text)
    SPI_WriteByte                            0x08003a25   Thumb Code    80  spi.o(.text)
    SPI1_Init                                0x08003a75   Thumb Code   182  spi.o(.text)
    SPI2_ReadWriteByte                       0x08003b2b   Thumb Code    78  spi.o(.text)
    SPI2_Init                                0x08003b79   Thumb Code   128  spi.o(.text)
    SPI1_SetSpeed                            0x08003bf9   Thumb Code    36  spi.o(.text)
    spi_send_byte                            0x08003c1d   Thumb Code    50  spi.o(.text)
    Flash_Write_Without_check                0x08003c5d   Thumb Code    50  dataflash.o(.text)
    Flash_Read                               0x08003c8f   Thumb Code    22  dataflash.o(.text)
    Flash_Write                              0x08003ca5   Thumb Code   220  dataflash.o(.text)
    WatchDog_Init                            0x08003d81   Thumb Code    28  iwatchdog.o(.text)
    WatchDog_Feed                            0x08003d9d   Thumb Code    10  iwatchdog.o(.text)
    NMI_Handler                              0x08003dad   Thumb Code     2  stm32f10x_it.o(.text)
    HardFault_Handler                        0x08003daf   Thumb Code     4  stm32f10x_it.o(.text)
    MemManage_Handler                        0x08003db3   Thumb Code     4  stm32f10x_it.o(.text)
    BusFault_Handler                         0x08003db7   Thumb Code     4  stm32f10x_it.o(.text)
    UsageFault_Handler                       0x08003dbb   Thumb Code     4  stm32f10x_it.o(.text)
    SVC_Handler                              0x08003dbf   Thumb Code     2  stm32f10x_it.o(.text)
    DebugMon_Handler                         0x08003dc1   Thumb Code     2  stm32f10x_it.o(.text)
    SysTick_Handler                          0x08003dc3   Thumb Code    34  stm32f10x_it.o(.text)
    USART1_IRQHandler                        0x08003de5   Thumb Code   474  stm32f10x_it.o(.text)
    USART2_IRQHandler                        0x08003fbf   Thumb Code   176  stm32f10x_it.o(.text)
    DMA1_Channel6_IRQHandler                 0x0800406f   Thumb Code    46  stm32f10x_it.o(.text)
    DMA1_Channel7_IRQHandler                 0x0800409d   Thumb Code    36  stm32f10x_it.o(.text)
    TIM4_IRQHandler                          0x080040c1   Thumb Code     2  stm32f10x_it.o(.text)
    TIM2_IRQHandler                          0x080040c3   Thumb Code     2  stm32f10x_it.o(.text)
    TIM1_CC_IRQHandler                       0x080040c5   Thumb Code    22  stm32f10x_it.o(.text)
    EXTI15_10_IRQHandler                     0x080040db   Thumb Code    40  stm32f10x_it.o(.text)
    EXTI2_IRQHandler                         0x08004103   Thumb Code     2  stm32f10x_it.o(.text)
    main                                     0x08004145   Thumb Code    26  app.o(.text)
    SendIDProtocol                           0x08004169   Thumb Code    74  protocol.o(.text)
    SendIDAck                                0x080041b3   Thumb Code   152  protocol.o(.text)
    SendProtocol                             0x0800424b   Thumb Code   160  protocol.o(.text)
    Send_IRcmd                               0x080042eb   Thumb Code   104  protocol.o(.text)
    Send_Stop                                0x08004353   Thumb Code    64  protocol.o(.text)
    Send_LenStop                             0x08004393   Thumb Code    64  protocol.o(.text)
    Send_IRLenData                           0x080043d3   Thumb Code   164  protocol.o(.text)
    ReV_CH361ReVProtocol                     0x08004477   Thumb Code   642  protocol.o(.text)
    TaskProtocol                             0x08004701   Thumb Code   128  taskprotocol.o(.text)
    TaskProtoSend                            0x080047a5   Thumb Code   468  taskprotosend.o(.text)
    TaskTest                                 0x080049b1   Thumb Code   580  tasktest.o(.text)
    TaskSet                                  0x08004c4d   Thumb Code   446  taskset.o(.text)
    TaskSi4432Read                           0x08004e89   Thumb Code   222  tasksi4432read.o(.text)
    SendCmdToCt361                           0x08004f85   Thumb Code   132  taskct361internalcommand.o(.text)
    TaskCT361Search                          0x08005009   Thumb Code   214  taskct361internalcommand.o(.text)
    SendCT361InternalCMD                     0x080050df   Thumb Code     2  taskct361internalcommand.o(.text)
    Hex2Str                                  0x080050e1   Thumb Code    88  taskct361internalcommand.o(.text)
    TaskCT361Internal                        0x08005139   Thumb Code   132  taskct361internalcommand.o(.text)
    OS_StrCopy                               0x080051ed   Thumb Code    28  os_core.o(.text)
    OSEventNameGet                           0x08005209   Thumb Code   126  os_core.o(.text)
    OS_StrLen                                0x08005287   Thumb Code    20  os_core.o(.text)
    OSEventNameSet                           0x0800529b   Thumb Code   140  os_core.o(.text)
    OS_EventTaskRemoveMulti                  0x08005327   Thumb Code    60  os_core.o(.text)
    OS_Sched                                 0x0800537d   Thumb Code    86  os_core.o(.text)
    OS_EventTaskWaitMulti                    0x080053d3   Thumb Code   136  os_core.o(.text)
    OSEventPendMulti                         0x0800545b   Thumb Code   762  os_core.o(.text)
    OS_TaskStatStkChk                        0x08005755   Thumb Code    54  os_core.o(.text)
    OS_TaskStat                              0x0800578b   Thumb Code   114  os_core.o(.text)
    OS_TaskIdle                              0x08005831   Thumb Code    32  os_core.o(.text)
    OS_MemClr                                0x08005885   Thumb Code    18  os_core.o(.text)
    OSInit                                   0x0800598d   Thumb Code    48  os_core.o(.text)
    OSIntEnter                               0x080059bd   Thumb Code    28  os_core.o(.text)
    OSIntExit                                0x080059d9   Thumb Code   252  os_core.o(.text)
    OSSchedLock                              0x08005ad5   Thumb Code    50  os_core.o(.text)
    OSSchedUnlock                            0x08005b07   Thumb Code    84  os_core.o(.text)
    OSStart                                  0x08005b5b   Thumb Code    48  os_core.o(.text)
    OSStatInit                               0x08005b8b   Thumb Code    62  os_core.o(.text)
    OSTimeTick                               0x08005bc9   Thumb Code   220  os_core.o(.text)
    OSVersion                                0x08005ca5   Thumb Code     6  os_core.o(.text)
    OS_Dummy                                 0x08005cab   Thumb Code     2  os_core.o(.text)
    OS_EventTaskRemove                       0x08005cad   Thumb Code    42  os_core.o(.text)
    OS_EventTaskRdy                          0x08005cd7   Thumb Code   132  os_core.o(.text)
    OS_EventTaskWait                         0x08005d5b   Thumb Code   112  os_core.o(.text)
    OS_EventWaitListInit                     0x08005dcb   Thumb Code    28  os_core.o(.text)
    OS_MemCopy                               0x08005de7   Thumb Code    20  os_core.o(.text)
    OS_TCBInit                               0x08005dfb   Thumb Code   356  os_core.o(.text)
    OSFlagAccept                             0x08005f6d   Thumb Code   268  os_flag.o(.text)
    OSFlagCreate                             0x08006079   Thumb Code    98  os_flag.o(.text)
    OS_FlagUnlink                            0x080060db   Thumb Code    36  os_flag.o(.text)
    OSFlagDel                                0x0800615f   Thumb Code   240  os_flag.o(.text)
    OSFlagNameGet                            0x0800624f   Thumb Code   108  os_flag.o(.text)
    OSFlagNameSet                            0x080062bb   Thumb Code   122  os_flag.o(.text)
    OSFlagPend                               0x080063cd   Thumb Code   630  os_flag.o(.text)
    OSFlagPendGetFlagsRdy                    0x08006643   Thumb Code    26  os_flag.o(.text)
    OSFlagPost                               0x0800665d   Thumb Code   326  os_flag.o(.text)
    OSFlagQuery                              0x080067a3   Thumb Code    64  os_flag.o(.text)
    OS_FlagInit                              0x080067e3   Thumb Code    70  os_flag.o(.text)
    OSQAccept                                0x08006835   Thumb Code   106  os_q.o(.text)
    OSQCreate                                0x0800689f   Thumb Code   150  os_q.o(.text)
    OSQDel                                   0x08006935   Thumb Code   270  os_q.o(.text)
    OSQFlush                                 0x08006a43   Thumb Code    52  os_q.o(.text)
    OSQPend                                  0x08006a77   Thumb Code   300  os_q.o(.text)
    OSQPendAbort                             0x08006ba3   Thumb Code   142  os_q.o(.text)
    OSQPost                                  0x08006c31   Thumb Code   144  os_q.o(.text)
    OSQPostFront                             0x08006cc1   Thumb Code   122  os_q.o(.text)
    OSQPostOpt                               0x08006d3b   Thumb Code   188  os_q.o(.text)
    OSQQuery                                 0x08006df7   Thumb Code   112  os_q.o(.text)
    OS_QInit                                 0x08006e67   Thumb Code    48  os_q.o(.text)
    OSTaskChangePrio                         0x08006ea1   Thumb Code   420  os_task.o(.text)
    OSTaskCreate                             0x08007045   Thumb Code   158  os_task.o(.text)
    OS_TaskStkClr                            0x080070e3   Thumb Code    26  os_task.o(.text)
    OSTaskCreateExt                          0x080070fd   Thumb Code   180  os_task.o(.text)
    OSTaskDel                                0x080071b1   Thumb Code   368  os_task.o(.text)
    OSTaskDelReq                             0x08007321   Thumb Code   112  os_task.o(.text)
    OSTaskNameGet                            0x08007391   Thumb Code   148  os_task.o(.text)
    OSTaskNameSet                            0x08007425   Thumb Code   160  os_task.o(.text)
    OSTaskResume                             0x080074c5   Thumb Code   168  os_task.o(.text)
    OSTaskStkChk                             0x0800756d   Thumb Code   150  os_task.o(.text)
    OSTaskSuspend                            0x08007603   Thumb Code   172  os_task.o(.text)
    OSTaskQuery                              0x080076af   Thumb Code   128  os_task.o(.text)
    OSTimeDly                                0x08007731   Thumb Code    96  os_time.o(.text)
    OSTimeDlyHMSM                            0x08007791   Thumb Code   160  os_time.o(.text)
    OSTimeDlyResume                          0x08007831   Thumb Code   176  os_time.o(.text)
    OSTimeGet                                0x080078e1   Thumb Code    24  os_time.o(.text)
    OSTimeSet                                0x080078f9   Thumb Code    24  os_time.o(.text)
    OS_CPU_SR_Save                           0x08007929   Thumb Code     0  os_cpu_a.o(.text)
    OS_CPU_SR_Restore                        0x08007931   Thumb Code     0  os_cpu_a.o(.text)
    OSStartHighRdy                           0x08007937   Thumb Code     0  os_cpu_a.o(.text)
    OSCtxSw                                  0x08007957   Thumb Code     0  os_cpu_a.o(.text)
    OSIntCtxSw                               0x08007961   Thumb Code     0  os_cpu_a.o(.text)
    PendSV_Handler                           0x0800796b   Thumb Code     0  os_cpu_a.o(.text)
    OSInitHookBegin                          0x080079cd   Thumb Code     2  os_cpu_c.o(.text)
    OSInitHookEnd                            0x080079cf   Thumb Code     2  os_cpu_c.o(.text)
    OSTaskCreateHook                         0x080079d1   Thumb Code     2  os_cpu_c.o(.text)
    OSTaskDelHook                            0x080079d3   Thumb Code     2  os_cpu_c.o(.text)
    OSTaskIdleHook                           0x080079d5   Thumb Code     2  os_cpu_c.o(.text)
    OSTaskStatHook                           0x080079d7   Thumb Code     2  os_cpu_c.o(.text)
    OSTaskStkInit                            0x080079d9   Thumb Code   154  os_cpu_c.o(.text)
    OSTaskSwHook                             0x08007a73   Thumb Code     2  os_cpu_c.o(.text)
    OSTCBInitHook                            0x08007a75   Thumb Code     2  os_cpu_c.o(.text)
    OSTimeTickHook                           0x08007a77   Thumb Code     2  os_cpu_c.o(.text)
    OSDebugInit                              0x08007a79   Thumb Code    94  os_dbg.o(.text)
    rand                                     0x08007b8d   Thumb Code    20  rand.o(.text)
    srand                                    0x08007ba1   Thumb Code     6  rand.o(.text)
    memcmp                                   0x08007bb1   Thumb Code    26  memcmp.o(.text)
    __scatterload                            0x08007bcd   Thumb Code    28  init.o(.text)
    __scatterload_rt2                        0x08007bcd   Thumb Code     0  init.o(.text)
    __scatterload_copy                       0x08007bf1   Thumb Code    14  handlers.o(i.__scatterload_copy)
    __scatterload_null                       0x08007bff   Thumb Code     2  handlers.o(i.__scatterload_null)
    __scatterload_zeroinit                   0x08007c01   Thumb Code    14  handlers.o(i.__scatterload_zeroinit)
    Roll_key                                 0x08007c0e   Data         256  encrypt.o(.constdata)
    Device_Default_Group                     0x08007d10   Data          28  remote_urc_index.o(.constdata)
    g_remote_ATV_info                        0x08007d2c   Data       21580  remote_urc_index.o(.constdata)
    OSUnMapTbl                               0x0800d178   Data         256  os_core.o(.constdata)
    OSDebugEn                                0x0800d278   Data           2  os_dbg.o(.constdata)
    OSEndiannessTest                         0x0800d27c   Data           4  os_dbg.o(.constdata)
    OSEventMax                               0x0800d280   Data           2  os_dbg.o(.constdata)
    OSEventNameSize                          0x0800d282   Data           2  os_dbg.o(.constdata)
    OSEventEn                                0x0800d284   Data           2  os_dbg.o(.constdata)
    OSEventSize                              0x0800d286   Data           2  os_dbg.o(.constdata)
    OSEventTblSize                           0x0800d288   Data           2  os_dbg.o(.constdata)
    OSFlagEn                                 0x0800d28a   Data           2  os_dbg.o(.constdata)
    OSFlagGrpSize                            0x0800d28c   Data           2  os_dbg.o(.constdata)
    OSFlagNodeSize                           0x0800d28e   Data           2  os_dbg.o(.constdata)
    OSFlagWidth                              0x0800d290   Data           2  os_dbg.o(.constdata)
    OSFlagMax                                0x0800d292   Data           2  os_dbg.o(.constdata)
    OSFlagNameSize                           0x0800d294   Data           2  os_dbg.o(.constdata)
    OSLowestPrio                             0x0800d296   Data           2  os_dbg.o(.constdata)
    OSMboxEn                                 0x0800d298   Data           2  os_dbg.o(.constdata)
    OSMemEn                                  0x0800d29a   Data           2  os_dbg.o(.constdata)
    OSMemMax                                 0x0800d29c   Data           2  os_dbg.o(.constdata)
    OSMemNameSize                            0x0800d29e   Data           2  os_dbg.o(.constdata)
    OSMemSize                                0x0800d2a0   Data           2  os_dbg.o(.constdata)
    OSMemTblSize                             0x0800d2a2   Data           2  os_dbg.o(.constdata)
    OSMutexEn                                0x0800d2a4   Data           2  os_dbg.o(.constdata)
    OSPtrSize                                0x0800d2a6   Data           2  os_dbg.o(.constdata)
    OSQEn                                    0x0800d2a8   Data           2  os_dbg.o(.constdata)
    OSQMax                                   0x0800d2aa   Data           2  os_dbg.o(.constdata)
    OSQSize                                  0x0800d2ac   Data           2  os_dbg.o(.constdata)
    OSRdyTblSize                             0x0800d2ae   Data           2  os_dbg.o(.constdata)
    OSSemEn                                  0x0800d2b0   Data           2  os_dbg.o(.constdata)
    OSStkWidth                               0x0800d2b2   Data           2  os_dbg.o(.constdata)
    OSTaskCreateEn                           0x0800d2b4   Data           2  os_dbg.o(.constdata)
    OSTaskCreateExtEn                        0x0800d2b6   Data           2  os_dbg.o(.constdata)
    OSTaskDelEn                              0x0800d2b8   Data           2  os_dbg.o(.constdata)
    OSTaskIdleStkSize                        0x0800d2ba   Data           2  os_dbg.o(.constdata)
    OSTaskProfileEn                          0x0800d2bc   Data           2  os_dbg.o(.constdata)
    OSTaskMax                                0x0800d2be   Data           2  os_dbg.o(.constdata)
    OSTaskNameSize                           0x0800d2c0   Data           2  os_dbg.o(.constdata)
    OSTaskStatEn                             0x0800d2c2   Data           2  os_dbg.o(.constdata)
    OSTaskStatStkSize                        0x0800d2c4   Data           2  os_dbg.o(.constdata)
    OSTaskStatStkChkEn                       0x0800d2c6   Data           2  os_dbg.o(.constdata)
    OSTaskSwHookEn                           0x0800d2c8   Data           2  os_dbg.o(.constdata)
    OSTCBPrioTblMax                          0x0800d2ca   Data           2  os_dbg.o(.constdata)
    OSTCBSize                                0x0800d2cc   Data           2  os_dbg.o(.constdata)
    OSTicksPerSec                            0x0800d2ce   Data           2  os_dbg.o(.constdata)
    OSTimeTickHookEn                         0x0800d2d0   Data           2  os_dbg.o(.constdata)
    OSVersionNbr                             0x0800d2d2   Data           2  os_dbg.o(.constdata)
    OSDataSize                               0x0800d2d4   Data           2  os_dbg.o(.constdata)
    Region$$Table$$Base                      0x0800d2d8   Number         0  anon$$obj.o(Region$$Table)
    Region$$Table$$Limit                     0x0800d2f8   Number         0  anon$$obj.o(Region$$Table)
    aa                                       0x20000014   Data           1  si4432.o(.data)
    SI4432_RxCount                           0x20000015   Data           1  si4432.o(.data)
    ItStatus1                                0x20000016   Data           1  si4432.o(.data)
    ItStatus2                                0x20000017   Data           1  si4432.o(.data)
    res                                      0x20000018   Data           1  si4432.o(.data)
    si4432_rev_en                            0x20000019   Data           1  si4432.o(.data)
    Flag                                     0x2000001a   Data           1  base.o(.data)
    test_charger                             0x20000020   Data          18  encrypt.o(.data)
    si4432cmd_senddata                       0x20000032   Data          18  encrypt.o(.data)
    Master_TBDATA                            0x20000048   Data           8  encrypt.o(.data)
    Send_Legth                               0x20000050   Data           1  encrypt.o(.data)
    Learn_4432_Cmd                           0x20000051   Data           1  encrypt.o(.data)
    SI4432p                                  0x20000054   Data           4  encrypt.o(.data)
    test_roll_list                           0x20000059   Data           1  encrypt.o(.data)
    checkID_data                             0x2000005a   Data           4  encrypt.o(.data)
    falgrx                                   0x20000060   Data           4  encrypt.o(.data)
    si4432_buff1                             0x20000064   Data           3  encrypt.o(.data)
    si4432_buff2                             0x20000067   Data           3  encrypt.o(.data)
    si4432_buff3                             0x2000006a   Data           3  encrypt.o(.data)
    Ir_REV_OK                                0x20000070   Data           1  stm32f10x_it.o(.data)
    u1RecvCh                                 0x20000071   Data           1  stm32f10x_it.o(.data)
    u1p                                      0x20000074   Data           4  stm32f10x_it.o(.data)
    u1BufferSwitch                           0x20000078   Data           1  stm32f10x_it.o(.data)
    u2RecvCh                                 0x20000079   Data           1  stm32f10x_it.o(.data)
    u2p                                      0x2000007c   Data           4  stm32f10x_it.o(.data)
    u2BufferSwitch                           0x20000080   Data           1  stm32f10x_it.o(.data)
    USART2_TX_Finish                         0x20000081   Data           1  stm32f10x_it.o(.data)
    ProtocolMBox                             0x20000084   Data           4  app.o(.data)
    ProtoSendMBox                            0x20000088   Data           4  app.o(.data)
    TestMBox                                 0x2000008c   Data           4  app.o(.data)
    Si4432ReadMBox                           0x20000090   Data           4  app.o(.data)
    CT361INTERNALMBox                        0x20000094   Data           4  app.o(.data)
    CT361SEARCHMBox                          0x20000098   Data           4  app.o(.data)
    gACK                                     0x2000009c   Data           8  app.o(.data)
    protosend_buf                            0x200000a4   Data           3  taskprotosend.o(.data)
    learn_switch                             0x200000aa   Data           1  tasktest.o(.data)
    learn_KeyCode                            0x200000ab   Data           1  tasktest.o(.data)
    learn_DeviceName                         0x200000ac   Data           1  tasktest.o(.data)
    learn_cmd                                0x200000ad   Data           1  tasktest.o(.data)
    Learn_State                              0x200000ae   Data           1  tasktest.o(.data)
    MY_ID                                    0x200000b0   Data           4  taskset.o(.data)
    Timout_Count                             0x200000b4   Data           2  taskset.o(.data)
    Timout_Count2                            0x200000b6   Data           2  taskset.o(.data)
    flag                                     0x200000b8   Data           1  taskset.o(.data)
    Protocolrev_en                           0x200000b9   Data           1  tasksi4432read.o(.data)
    CT361StatusGlobal                        0x200000ba   Data           6  taskct361internalcommand.o(.data)
    OSCtxSwCtr                               0x200000c0   Data           4  os_core.o(.data)
    OSEventFreeList                          0x200000c4   Data           4  os_core.o(.data)
    OSFlagFreeList                           0x200000c8   Data           4  os_core.o(.data)
    OSCPUUsage                               0x200000cc   Data           1  os_core.o(.data)
    OSIdleCtrMax                             0x200000d0   Data           4  os_core.o(.data)
    OSIdleCtrRun                             0x200000d4   Data           4  os_core.o(.data)
    OSStatRdy                                0x200000d8   Data           1  os_core.o(.data)
    OSIntNesting                             0x200000d9   Data           1  os_core.o(.data)
    OSLockNesting                            0x200000da   Data           1  os_core.o(.data)
    OSPrioCur                                0x200000db   Data           1  os_core.o(.data)
    OSPrioHighRdy                            0x200000dc   Data           1  os_core.o(.data)
    OSRdyGrp                                 0x200000dd   Data           1  os_core.o(.data)
    OSRdyTbl                                 0x200000de   Data           3  os_core.o(.data)
    OSRunning                                0x200000e1   Data           1  os_core.o(.data)
    OSTaskCtr                                0x200000e2   Data           1  os_core.o(.data)
    OSIdleCtr                                0x200000e4   Data           4  os_core.o(.data)
    OSTCBCur                                 0x200000e8   Data           4  os_core.o(.data)
    OSTCBFreeList                            0x200000ec   Data           4  os_core.o(.data)
    OSTCBHighRdy                             0x200000f0   Data           4  os_core.o(.data)
    OSTCBList                                0x200000f4   Data           4  os_core.o(.data)
    OSTickStepState                          0x200000f8   Data           1  os_core.o(.data)
    OSQFreeList                              0x200000fc   Data           4  os_core.o(.data)
    OSTime                                   0x20000100   Data           4  os_core.o(.data)
    SI4432_RxBUFF                            0x20000108   Data          20  si4432.o(.bss)
    recieve_data                             0x2000011c   Data          18  encrypt.o(.bss)
    send_data                                0x2000012e   Data          18  encrypt.o(.bss)
    USART2_SEND_DATA                         0x20000140   Data         220  stm32f10x_it.o(.bss)
    USART2_RECEIVE_DATA                      0x2000021c   Data         220  stm32f10x_it.o(.bss)
    gSysState                                0x200002f8   Data          12  app.o(.bss)
    TaskProtocolStk                          0x20000304   Data        1200  app.o(.bss)
    ProtocolQBuff                            0x200007b4   Data          80  app.o(.bss)
    TaskProtoSendStk                         0x20000804   Data        2048  app.o(.bss)
    ProtoSendQBuff                           0x20001004   Data          80  app.o(.bss)
    TaskTestStk                              0x20001054   Data        2048  app.o(.bss)
    TestQBuff                                0x20001854   Data          40  app.o(.bss)
    TaskSetStk                               0x2000187c   Data        2048  app.o(.bss)
    TaskSi4432ReadStk                        0x2000207c   Data        2048  app.o(.bss)
    Si4432ReadQBuff                          0x2000287c   Data         120  app.o(.bss)
    TaskCT361InternalStk                     0x200028f4   Data         400  app.o(.bss)
    CT361InternalQBuff                       0x20002a84   Data          80  app.o(.bss)
    TaskCT361SearchStk                       0x20002ad4   Data         400  app.o(.bss)
    CT361SEARCHQBuff                         0x20002c64   Data          80  app.o(.bss)
    gU1RecvBuff                              0x20002cb4   Data          32  app.o(.bss)
    gU2RecvBuff                              0x20002cd4   Data         430  app.o(.bss)
    SI4432RecvBuff                           0x20002e82   Data          28  app.o(.bss)
    ct361_Buffer                             0x20002e9e   Data         208  tasktest.o(.bss)
    OSEventTbl                               0x20002f70   Data         384  os_core.o(.bss)
    OSFlagTbl                                0x200030f0   Data         336  os_core.o(.bss)
    OSTaskStatStk                            0x20003240   Data         512  os_core.o(.bss)
    OSTaskIdleStk                            0x20003440   Data         512  os_core.o(.bss)
    OSTCBPrioTbl                             0x20003640   Data          84  os_core.o(.bss)
    OSTCBTbl                                 0x20003694   Data        1932  os_core.o(.bss)
    OSQTbl                                   0x20003e20   Data         288  os_core.o(.bss)
    __initial_sp                             0x20004340   Data           0  startup_stm32f10x_md.o(STACK)



==============================================================================

Memory Map of the image

  Image Entry point : 0x080000ed

  Load Region LR_IROM1 (Base: 0x08000000, Size: 0x0000d400, Max: 0x00010000, ABSOLUTE)

    Execution Region ER_IROM1 (Base: 0x08000000, Size: 0x0000d2f8, Max: 0x00010000, ABSOLUTE)

    Base Addr    Size         Type   Attr      Idx    E Section Name        Object

    0x08000000   0x000000ec   Data   RO            3    RESET               startup_stm32f10x_md.o
    0x080000ec   0x00000000   Code   RO          817  * .ARM.Collect$$$$00000000  mc_w.l(entry.o)
    0x080000ec   0x00000004   Code   RO          825    .ARM.Collect$$$$00000001  mc_w.l(entry2.o)
    0x080000f0   0x00000004   Code   RO          828    .ARM.Collect$$$$00000004  mc_w.l(entry5.o)
    0x080000f4   0x00000000   Code   RO          830    .ARM.Collect$$$$00000008  mc_w.l(entry7b.o)
    0x080000f4   0x00000000   Code   RO          832    .ARM.Collect$$$$0000000A  mc_w.l(entry8b.o)
    0x080000f4   0x00000008   Code   RO          833    .ARM.Collect$$$$0000000B  mc_w.l(entry9a.o)
    0x080000fc   0x00000000   Code   RO          835    .ARM.Collect$$$$0000000D  mc_w.l(entry10a.o)
    0x080000fc   0x00000000   Code   RO          837    .ARM.Collect$$$$0000000F  mc_w.l(entry11a.o)
    0x080000fc   0x00000004   Code   RO          826    .ARM.Collect$$$$00002712  mc_w.l(entry2.o)
    0x08000100   0x00000024   Code   RO            4    .text               startup_stm32f10x_md.o
    0x08000124   0x000000dc   Code   RO           24    .text               misc.o
    0x08000200   0x0000011c   Code   RO          107    .text               stm32f10x_exti.o
    0x0800031c   0x00000358   Code   RO          134    .text               stm32f10x_gpio.o
    0x08000674   0x000003a4   Code   RO          146    .text               stm32f10x_rcc.o
    0x08000a18   0x0000030c   Code   RO          160    .text               stm32f10x_spi.o
    0x08000d24   0x00000408   Code   RO          172    .text               stm32f10x_usart.o
    0x0800112c   0x000005bc   Code   RO          184    .text               stm32f10x_flash.o
    0x080016e8   0x00000e1a   Code   RO          196    .text               stm32f10x_tim.o
    0x08002502   0x00000002   PAD
    0x08002504   0x00000250   Code   RO          208    .text               stm32f10x_dma.o
    0x08002754   0x000004c0   Code   RO          220    .text               si4432.o
    0x08002c14   0x000002d4   Code   RO          314    .text               base.o
    0x08002ee8   0x000002d0   Code   RO          343    .text               stm32init.o
    0x080031b8   0x0000039c   Code   RO          365    .text               bsp.o
    0x08003554   0x000004d0   Code   RO          381    .text               encrypt.o
    0x08003a24   0x00000238   Code   RO          402    .text               spi.o
    0x08003c5c   0x00000124   Code   RO          414    .text               dataflash.o
    0x08003d80   0x0000002c   Code   RO          426    .text               iwatchdog.o
    0x08003dac   0x00000398   Code   RO          438    .text               stm32f10x_it.o
    0x08004144   0x00000024   Code   RO          482    .text               app.o
    0x08004168   0x00000598   Code   RO          520    .text               protocol.o
    0x08004700   0x000000a4   Code   RO          536    .text               taskprotocol.o
    0x080047a4   0x0000020c   Code   RO          548    .text               taskprotosend.o
    0x080049b0   0x0000029c   Code   RO          563    .text               tasktest.o
    0x08004c4c   0x0000023c   Code   RO          584    .text               taskset.o
    0x08004e88   0x000000fc   Code   RO          607    .text               tasksi4432read.o
    0x08004f84   0x00000268   Code   RO          647    .text               taskct361internalcommand.o
    0x080051ec   0x00000d80   Code   RO          666    .text               os_core.o
    0x08005f6c   0x000008c8   Code   RO          686    .text               os_flag.o
    0x08006834   0x0000066c   Code   RO          722    .text               os_q.o
    0x08006ea0   0x0000088e   Code   RO          746    .text               os_task.o
    0x0800772e   0x00000002   PAD
    0x08007730   0x000001f8   Code   RO          758    .text               os_time.o
    0x08007928   0x000000a4   Code   RO          776    .text               os_cpu_a.o
    0x080079cc   0x000000ac   Code   RO          779    .text               os_cpu_c.o
    0x08007a78   0x00000114   Code   RO          802    .text               os_dbg.o
    0x08007b8c   0x00000024   Code   RO          820    .text               mc_w.l(rand.o)
    0x08007bb0   0x0000001a   Code   RO          823    .text               mc_w.l(memcmp.o)
    0x08007bca   0x00000002   PAD
    0x08007bcc   0x00000024   Code   RO          839    .text               mc_w.l(init.o)
    0x08007bf0   0x0000000e   Code   RO          843    i.__scatterload_copy  mc_w.l(handlers.o)
    0x08007bfe   0x00000002   Code   RO          844    i.__scatterload_null  mc_w.l(handlers.o)
    0x08007c00   0x0000000e   Code   RO          845    i.__scatterload_zeroinit  mc_w.l(handlers.o)
    0x08007c0e   0x00000100   Data   RO          383    .constdata          encrypt.o
    0x08007d0e   0x00000002   PAD
    0x08007d10   0x00005468   Data   RO          622    .constdata          remote_urc_index.o
    0x0800d178   0x00000100   Data   RO          668    .constdata          os_core.o
    0x0800d278   0x0000005e   Data   RO          803    .constdata          os_dbg.o
    0x0800d2d6   0x00000002   PAD
    0x0800d2d8   0x00000020   Data   RO          841    Region$$Table       anon$$obj.o


    Execution Region RW_IRAM1 (Base: 0x20000000, Size: 0x00004340, Max: 0x00005000, ABSOLUTE)

    Base Addr    Size         Type   Attr      Idx    E Section Name        Object

    0x20000000   0x00000014   Data   RW          147    .data               stm32f10x_rcc.o
    0x20000014   0x00000006   Data   RW          222    .data               si4432.o
    0x2000001a   0x00000001   Data   RW          315    .data               base.o
    0x2000001b   0x00000005   PAD
    0x20000020   0x0000004d   Data   RW          384    .data               encrypt.o
    0x2000006d   0x00000003   PAD
    0x20000070   0x00000013   Data   RW          440    .data               stm32f10x_it.o
    0x20000083   0x00000001   PAD
    0x20000084   0x00000020   Data   RW          484    .data               app.o
    0x200000a4   0x00000006   Data   RW          549    .data               taskprotosend.o
    0x200000aa   0x00000005   Data   RW          565    .data               tasktest.o
    0x200000af   0x00000001   PAD
    0x200000b0   0x00000009   Data   RW          585    .data               taskset.o
    0x200000b9   0x00000001   Data   RW          608    .data               tasksi4432read.o
    0x200000ba   0x00000006   Data   RW          648    .data               taskct361internalcommand.o
    0x200000c0   0x00000044   Data   RW          669    .data               os_core.o
    0x20000104   0x00000004   Data   RW          821    .data               mc_w.l(rand.o)
    0x20000108   0x00000014   Zero   RW          221    .bss                si4432.o
    0x2000011c   0x00000024   Zero   RW          382    .bss                encrypt.o
    0x20000140   0x000001b8   Zero   RW          439    .bss                stm32f10x_it.o
    0x200002f8   0x00002ba6   Zero   RW          483    .bss                app.o
    0x20002e9e   0x000000d0   Zero   RW          564    .bss                tasktest.o
    0x20002f6e   0x00000002   PAD
    0x20002f70   0x00000fd0   Zero   RW          667    .bss                os_core.o
    0x20003f40   0x00000400   Zero   RW            1    STACK               startup_stm32f10x_md.o


==============================================================================

Image component sizes


      Code (inc. data)   RO Data    RW Data    ZI Data      Debug   Object Name

        36         10          0         32      11174       4299   app.o
       724         20          0          1          0       5432   base.o
       924         56          0          0          0      17474   bsp.o
         0          0          0          0          0       4212   core_cm3.o
       292          0          0          0          0       1915   dataflash.o
      1232        120        256         77         36       5561   encrypt.o
        44          6          0          0          0        614   iwatchdog.o
       220         20          0          0          0     273781   misc.o
      3456        288        256         68       4048      19111   os_core.o
       164         32          0          0          0        264   os_cpu_a.o
       172          0          0          0          0      11977   os_cpu_c.o
       276        182         94          0          0       2769   os_dbg.o
      2248         38          0          0          0       6900   os_flag.o
      1644         32          0          0          0       5629   os_q.o
      2190         66          0          0          0       6981   os_task.o
       504         24          0          0          0       1834   os_time.o
      1432         80          0          0          0       4712   protocol.o
         0          0      21608          0          0       1077   remote_urc_index.o
      1216         32          0          6         20      14407   si4432.o
       568         14          0          0          0       2143   spi.o
        36          8        236          0       1024        756   startup_stm32f10x_md.o
       592          8          0          0          0       4314   stm32f10x_dma.o
       284         10          0          0          0       2219   stm32f10x_exti.o
      1468         34          0          0          0       8014   stm32f10x_flash.o
       856         40          0          0          0       5629   stm32f10x_gpio.o
       920         64          0         19        440       6494   stm32f10x_it.o
       932         44          0         20          0       8780   stm32f10x_rcc.o
       780         14          0          0          0       6514   stm32f10x_spi.o
      3610         88          0          0          0      22116   stm32f10x_tim.o
      1032         22          0          0          0       8356   stm32f10x_usart.o
       720         20          0          0          0       1871   stm32init.o
       616         48          0          6          0       3088   taskct361internalcommand.o
       164         36          0          0          0        875   taskprotocol.o
       524         56          0          6          0       1304   taskprotosend.o
       572        126          0          9          0       1526   taskset.o
       252         30          0          1          0        866   tasksi4432read.o
       668         88          0          5        208       1681   tasktest.o

    ----------------------------------------------------------------------
     31372       1756      22486        260      16952     475495   Object Totals
         0          0         32          0          0          0   (incl. Generated)
         4          0          4         10          2          0   (incl. Padding)

    ----------------------------------------------------------------------

      Code (inc. data)   RO Data    RW Data    ZI Data      Debug   Library Member Name

         0          0          0          0          0          0   entry.o
         0          0          0          0          0          0   entry10a.o
         0          0          0          0          0          0   entry11a.o
         8          4          0          0          0          0   entry2.o
         4          0          0          0          0          0   entry5.o
         0          0          0          0          0          0   entry7b.o
         0          0          0          0          0          0   entry8b.o
         8          4          0          0          0          0   entry9a.o
        30          0          0          0          0          0   handlers.o
        36          8          0          0          0         68   init.o
        26          0          0          0          0         80   memcmp.o
        36         10          0          4          0        136   rand.o

    ----------------------------------------------------------------------
       150         26          0          4          0        284   Library Totals
         2          0          0          0          0          0   (incl. Padding)

    ----------------------------------------------------------------------

      Code (inc. data)   RO Data    RW Data    ZI Data      Debug   Library Name

       148         26          0          4          0        284   mc_w.l

    ----------------------------------------------------------------------
       150         26          0          4          0        284   Library Totals

    ----------------------------------------------------------------------

==============================================================================


      Code (inc. data)   RO Data    RW Data    ZI Data      Debug   

     31522       1782      22486        264      16952     472659   Grand Totals
     31522       1782      22486        264      16952     472659   ELF Image Totals
     31522       1782      22486        264          0          0   ROM Totals

==============================================================================

    Total RO  Size (Code + RO Data)                54008 (  52.74kB)
    Total RW  Size (RW Data + ZI Data)             17216 (  16.81kB)
    Total ROM Size (Code + RO Data + RW Data)      54272 (  53.00kB)

==============================================================================

